{
  "reply": "I'm having a brief technical connection issue with my AI brain. Please check our 'Products' section for the latest stone library and pricing, or contact us directly at appavum73@gmail.com for an immediate quote!"
}